0 verbose cli C:\Program Files\nodejs\node.exe C:\Program Files\nodejs\node_modules\npm\bin\npm-cli.js
1 info using npm@11.13.0
2 info using node@v24.16.0
3 silly config load:file:C:\Program Files\nodejs\node_modules\npm\npmrc
4 silly config load:file:C:\Users\jesse\Desktop\imprimbrain\.npmrc
5 silly config load:file:C:\Users\jesse\.npmrc
6 silly config load:file:C:\Users\jesse\AppData\Roaming\npm\etc\npmrc
7 verbose title npm install resend@latest
8 verbose argv "install" "resend@latest"
9 verbose logfile logs-max:10 dir:C:\Users\jesse\Desktop\imprimbrain\.npm-cache\_logs\2026-10-03T22_36_25_300Z-
10 verbose logfile C:\Users\jesse\Desktop\imprimbrain\.npm-cache\_logs\2026-10-03T22_36_25_300Z-debug-0.log
11 silly logfile done cleaning log files
12 silly packumentCache heap:4496293888 maxSize:1124073472 maxEntrySize:562036736
13 silly packumentCache corgi:https://registry.npmjs.org/resend cache-miss
14 http fetch GET 200 https://registry.npmjs.org/resend 585ms (cache miss)
15 silly packumentCache corgi:https://registry.npmjs.org/resend set size:undefined disposed:false
16 silly idealTree buildDeps
17 silly fetch manifest resend@6.32.0
18 silly packumentCache full:https://registry.npmjs.org/resend cache-miss
19 http fetch GET 200 https://registry.npmjs.org/resend 861ms (cache miss)
20 silly packumentCache full:https://registry.npmjs.org/resend set size:undefined disposed:false
21 silly fetch manifest @react-email/render@*
22 silly packumentCache full:https://registry.npmjs.org/@react-email%2frender cache-miss
23 http fetch GET 200 https://registry.npmjs.org/@react-email%2frender 342ms (cache miss)
24 silly packumentCache full:https://registry.npmjs.org/@react-email%2frender set size:undefined disposed:false
25 silly fetch manifest react@19.3.0
26 silly packumentCache full:https://registry.npmjs.org/react cache-miss
27 http fetch GET 200 https://registry.npmjs.org/react 611ms (cache miss)
28 silly packumentCache full:https://registry.npmjs.org/react set size:undefined disposed:false
29 silly fetch manifest react-dom@19.3.0
30 silly packumentCache full:https://registry.npmjs.org/react-dom cache-miss
31 http fetch GET 200 https://registry.npmjs.org/react-dom 610ms (cache miss)
32 silly packumentCache full:https://registry.npmjs.org/react-dom set size:undefined disposed:false
33 silly placeDep ROOT resend@6.32.0 OK for: imprimbrain@0.1.0 want: 6.32.0
34 silly fetch manifest postal-mime@2.7.6
35 silly packumentCache full:https://registry.npmjs.org/postal-mime cache-miss
36 silly fetch manifest standardwebhooks@1.1.1
37 silly packumentCache full:https://registry.npmjs.org/standardwebhooks cache-miss
38 http fetch GET 200 https://registry.npmjs.org/postal-mime 293ms (cache miss)
39 silly packumentCache full:https://registry.npmjs.org/postal-mime set size:undefined disposed:false
40 http fetch GET 200 https://registry.npmjs.org/standardwebhooks 442ms (cache miss)
41 silly packumentCache full:https://registry.npmjs.org/standardwebhooks set size:undefined disposed:false
42 silly placeDep ROOT postal-mime@2.7.6 OK for: resend@6.32.0 want: 2.7.6
43 silly placeDep ROOT standardwebhooks@1.1.1 OK for: resend@6.32.0 want: 1.1.1
44 silly fetch manifest fast-sha256@^1.3.0
45 silly packumentCache full:https://registry.npmjs.org/fast-sha256 cache-miss
46 silly fetch manifest @stablelib/base64@^1.0.0
47 silly packumentCache full:https://registry.npmjs.org/@stablelib%2fbase64 cache-miss
48 http fetch GET 200 https://registry.npmjs.org/fast-sha256 133ms (cache miss)
49 silly packumentCache full:https://registry.npmjs.org/fast-sha256 set size:undefined disposed:false
50 http fetch GET 200 https://registry.npmjs.org/@stablelib%2fbase64 144ms (cache miss)
51 silly packumentCache full:https://registry.npmjs.org/@stablelib%2fbase64 set size:undefined disposed:false
52 silly placeDep ROOT @stablelib/base64@1.0.1 OK for: standardwebhooks@1.1.1 want: ^1.0.0
53 silly placeDep ROOT fast-sha256@1.3.0 OK for: standardwebhooks@1.1.1 want: ^1.3.0
54 silly reify moves {}
55 silly audit bulk request {
55 silly audit   '@alloc/quick-lru': [ '5.3.0' ],
55 silly audit   '@electric-sql/pglite': [ '0.4.3' ],
55 silly audit   '@electric-sql/pglite-socket': [ '0.1.3' ],
55 silly audit   '@electric-sql/pglite-tools': [ '0.3.3' ],
55 silly audit   '@emnapi/runtime': [ '1.11.3' ],
55 silly audit   '@esbuild/aix-ppc64': [ '0.25.12' ],
55 silly audit   '@esbuild/android-arm': [ '0.25.12' ],
55 silly audit   '@esbuild/android-arm64': [ '0.25.12' ],
55 silly audit   '@esbuild/android-x64': [ '0.25.12' ],
55 silly audit   '@esbuild/darwin-arm64': [ '0.25.12' ],
55 silly audit   '@esbuild/darwin-x64': [ '0.25.12' ],
55 silly audit   '@esbuild/freebsd-arm64': [ '0.25.12' ],
55 silly audit   '@esbuild/freebsd-x64': [ '0.25.12' ],
55 silly audit   '@esbuild/linux-arm': [ '0.25.12' ],
55 silly audit   '@esbuild/linux-arm64': [ '0.25.12' ],
55 silly audit   '@esbuild/linux-ia32': [ '0.25.12' ],
55 silly audit   '@esbuild/linux-loong64': [ '0.25.12' ],
55 silly audit   '@esbuild/linux-mips64el': [ '0.25.12' ],
55 silly audit   '@esbuild/linux-ppc64': [ '0.25.12' ],
55 silly audit   '@esbuild/linux-riscv64': [ '0.25.12' ],
55 silly audit   '@esbuild/linux-s390x': [ '0.25.12' ],
55 silly audit   '@esbuild/linux-x64': [ '0.25.12' ],
55 silly audit   '@esbuild/netbsd-arm64': [ '0.25.12' ],
55 silly audit   '@esbuild/netbsd-x64': [ '0.25.12' ],
55 silly audit   '@esbuild/openbsd-arm64': [ '0.25.12' ],
55 silly audit   '@esbuild/openbsd-x64': [ '0.25.12' ],
55 silly audit   '@esbuild/openharmony-arm64': [ '0.25.12' ],
55 silly audit   '@esbuild/sunos-x64': [ '0.25.12' ],
55 silly audit   '@esbuild/win32-arm64': [ '0.25.12' ],
55 silly audit   '@esbuild/win32-ia32': [ '0.25.12' ],
55 silly audit   '@esbuild/win32-x64': [ '0.25.12' ],
55 silly audit   '@img/colour': [ '1.1.0' ],
55 silly audit   '@img/sharp-darwin-arm64': [ '0.35.5' ],
55 silly audit   '@img/sharp-darwin-x64': [ '0.35.5' ],
55 silly audit   '@img/sharp-freebsd-wasm32': [ '0.35.5' ],
55 silly audit   '@img/sharp-libvips-darwin-arm64': [ '1.3.4' ],
55 silly audit   '@img/sharp-libvips-darwin-x64': [ '1.3.4' ],
55 silly audit   '@img/sharp-libvips-linux-arm': [ '1.3.4' ],
55 silly audit   '@img/sharp-libvips-linux-arm64': [ '1.3.4' ],
55 silly audit   '@img/sharp-libvips-linux-ppc64': [ '1.3.4' ],
55 silly audit   '@img/sharp-libvips-linux-riscv64': [ '1.3.4' ],
55 silly audit   '@img/sharp-libvips-linux-s390x': [ '1.3.4' ],
55 silly audit   '@img/sharp-libvips-linux-x64': [ '1.3.4' ],
55 silly audit   '@img/sharp-libvips-linuxmusl-arm64': [ '1.3.4' ],
55 silly audit   '@img/sharp-libvips-linuxmusl-x64': [ '1.3.4' ],
55 silly audit   '@img/sharp-linux-arm': [ '0.35.5' ],
55 silly audit   '@img/sharp-linux-arm64': [ '0.35.5' ],
55 silly audit   '@img/sharp-linux-ppc64': [ '0.35.5' ],
55 silly audit   '@img/sharp-linux-riscv64': [ '0.35.5' ],
55 silly audit   '@img/sharp-linux-s390x': [ '0.35.5' ],
55 silly audit   '@img/sharp-linux-x64': [ '0.35.5' ],
55 silly audit   '@img/sharp-linuxmusl-arm64': [ '0.35.5' ],
55 silly audit   '@img/sharp-linuxmusl-x64': [ '0.35.5' ],
55 silly audit   '@img/sharp-wasm32': [ '0.35.5' ],
55 silly audit   '@img/sharp-webcontainers-wasm32': [ '0.35.5' ],
55 silly audit   '@img/sharp-win32-arm64': [ '0.35.5' ],
55 silly audit   '@img/sharp-win32-ia32': [ '0.35.5' ],
55 silly audit   '@img/sharp-win32-x64': [ '0.35.5' ],
55 silly audit   '@jridgewell/gen-mapping': [ '0.3.13' ],
55 silly audit   '@jridgewell/remapping': [ '2.3.5' ],
55 silly audit   '@jridgewell/resolve-uri': [ '3.1.2' ],
55 silly audit   '@jridgewell/sourcemap-codec': [ '1.6.0' ],
55 silly audit   '@jridgewell/trace-mapping': [ '0.3.31' ],
55 silly audit   '@next/env': [ '16.3.8' ],
55 silly audit   '@next/swc-darwin-arm64': [ '16.3.8' ],
55 silly audit   '@next/swc-darwin-x64': [ '16.3.8' ],
55 silly audit   '@next/swc-linux-arm64-gnu': [ '16.3.8' ],
55 silly audit   '@next/swc-linux-arm64-musl': [ '16.3.8' ],
55 silly audit   '@next/swc-linux-x64-gnu': [ '16.3.8' ],
55 silly audit   '@next/swc-linux-x64-musl': [ '16.3.8' ],
55 silly audit   '@next/swc-win32-arm64-msvc': [ '16.3.8' ],
55 silly audit   '@next/swc-win32-x64-msvc': [ '16.3.8' ],
55 silly audit   '@prisma/adapter-pg': [ '7.10.0' ],
55 silly audit   '@prisma/client': [ '7.10.0' ],
55 silly audit   '@prisma/client-runtime-utils': [ '7.10.0' ],
55 silly audit   '@prisma/config': [ '7.10.0' ],
55 silly audit   '@prisma/debug': [ '7.10.0', '7.2.0' ],
55 silly audit   '@prisma/dev': [ '0.24.17' ],
55 silly audit   '@prisma/driver-adapter-utils': [ '7.10.0' ],
55 silly audit   '@prisma/engines': [ '7.10.0' ],
55 silly audit   '@prisma/engines-version': [ '7.10.0-4.0edf323efd1d98336f3f0a68684b56f689b900d3' ],
55 silly audit   '@prisma/get-platform': [ '7.10.0', '7.2.0' ],
55 silly audit   '@prisma/fetch-engine': [ '7.10.0' ],
55 silly audit   '@prisma/query-plan-executor': [ '7.2.0' ],
55 silly audit   '@prisma/streams-local': [ '0.1.11' ],
55 silly audit   '@prisma/studio-core': [ '0.33.0' ],
55 silly audit   '@radix-ui/react-toggle': [ '1.1.10' ],
55 silly audit   '@radix-ui/react-primitive': [ '2.1.3' ],
55 silly audit   '@radix-ui/primitive': [ '1.1.3' ],
55 silly audit   '@radix-ui/react-compose-refs': [ '1.1.2' ],
55 silly audit   '@radix-ui/react-slot': [ '1.2.3' ],
55 silly audit   '@radix-ui/react-use-controllable-state': [ '1.2.2' ],
55 silly audit   '@radix-ui/react-use-effect-event': [ '0.0.2' ],
55 silly audit   '@radix-ui/react-use-layout-effect': [ '1.1.1' ],
55 silly audit   '@standard-schema/spec': [ '1.1.0' ],
55 silly audit   '@swc/helpers': [ '0.5.23' ],
55 silly audit   '@tailwindcss/node': [ '4.3.3' ],
55 silly audit   '@tailwindcss/oxide': [ '4.3.3' ],
55 silly audit   '@tailwindcss/oxide-android-arm64': [ '4.3.3' ],
55 silly audit   '@tailwindcss/oxide-darwin-arm64': [ '4.3.3' ],
55 silly audit   '@tailwindcss/oxide-darwin-x64': [ '4.3.3' ],
55 silly audit   '@tailwindcss/oxide-freebsd-x64': [ '4.3.3' ],
55 silly audit   '@tailwindcss/oxide-linux-arm-gnueabihf': [ '4.3.3' ],
55 silly audit   '@tailwindcss/oxide-linux-arm64-gnu': [ '4.3.3' ],
55 silly audit   '@tailwindcss/oxide-linux-arm64-musl': [ '4.3.3' ],
55 silly audit   '@tailwindcss/oxide-linux-x64-gnu': [ '4.3.3' ],
55 silly audit   '@tailwindcss/oxide-linux-x64-musl': [ '4.3.3' ],
55 silly audit   '@tailwindcss/oxide-wasm32-wasi': [ '4.3.3' ],
55 silly audit   '@tailwindcss/oxide-win32-arm64-msvc': [ '4.3.3' ],
55 silly audit   '@tailwindcss/oxide-win32-x64-msvc': [ '4.3.3' ],
55 silly audit   '@tailwindcss/postcss': [ '4.3.3' ],
55 silly audit   '@types/d3-array': [ '3.0.3' ],
55 silly audit   '@types/d3-color': [ '3.1.0' ],
55 silly audit   '@types/d3-delaunay': [ '6.0.1' ],
55 silly audit   '@types/d3-format': [ '3.0.1' ],
55 silly audit   '@types/d3-geo': [ '3.1.0' ],
55 silly audit   '@types/d3-interpolate': [ '3.0.1' ],
55 silly audit   '@types/d3-path': [ '3.1.1' ],
55 silly audit   '@types/d3-scale': [ '4.0.2' ],
55 silly audit   '@types/d3-shape': [ '3.1.7' ],
55 silly audit   '@types/d3-time': [ '3.0.0' ],
55 silly audit   '@types/d3-time-format': [ '2.1.0' ],
55 silly audit   '@types/geojson': [ '7946.0.16' ],
55 silly audit   '@types/lodash': [ '4.17.25' ],
55 silly audit   '@types/node': [ '22.16.5' ],
55 silly audit   '@types/pg': [ '8.23.1' ],
55 silly audit   '@types/react': [ '19.2.0' ],
55 silly audit   '@types/react-dom': [ '19.2.0' ],
55 silly audit   '@vercel/blob': [ '2.8.0' ],
55 silly audit   '@vercel/cli-config': [ '0.3.1' ],
55 silly audit   '@vercel/cli-exec': [ '1.0.1' ],
55 silly audit   '@vercel/oidc': [ '3.8.10' ],
55 silly audit   '@visx/curve': [ '4.0.1-alpha.0' ],
55 silly audit   '@visx/event': [ '4.0.1-alpha.0' ],
55 silly audit   '@visx/grid': [ '4.0.1-alpha.0' ],
55 silly audit   '@visx/group': [ '4.0.1-alpha.0' ],
55 silly audit   '@visx/point': [ '4.0.1-alpha.0' ],
55 silly audit   '@visx/responsive': [ '4.0.1-alpha.0' ],
55 silly audit   '@visx/scale': [ '4.0.1-alpha.0' ],
55 silly audit   '@visx/shape': [ '4.0.1-alpha.0' ],
55 silly audit   '@visx/vendor': [ '4.0.0-alpha.0' ],
55 silly audit   'd3-array': [ '3.2.1', '3.2.4' ],
55 silly audit   ajv: [ '8.20.0' ],
55 silly audit   'async-retry': [ '1.3.3' ],
55 silly audit   retry: [ '0.13.1', '0.12.0' ],
55 silly audit   'aws-ssl-profiles': [ '1.1.2' ],
55 silly audit   'baseline-browser-mapping': [ '2.11.27' ],
55 silly audit   'better-result': [ '2.10.0' ],
55 silly audit   c12: [ '3.3.4' ],
55 silly audit   dotenv: [ '17.4.2', '17.2.3' ],
55 silly audit   'caniuse-lite': [ '1.0.30001814' ],
55 silly audit   chokidar: [ '5.0.0' ],
55 silly audit   classnames: [ '2.5.1' ],
55 silly audit   'client-only': [ '0.0.1' ],
55 silly audit   clsx: [ '2.1.1' ],
55 silly audit   confbox: [ '0.2.4', '0.3.1' ],
55 silly audit   'cross-spawn': [ '7.0.6' ],
55 silly audit   csstype: [ '3.2.3' ],
55 silly audit   'd3-color': [ '3.1.0' ],
55 silly audit   'd3-delaunay': [ '6.0.2' ],
55 silly audit   'd3-format': [ '3.1.0' ],
55 silly audit   'd3-geo': [ '3.1.0' ],
55 silly audit   'd3-interpolate': [ '3.0.1' ],
55 silly audit   'd3-path': [ '3.1.0' ],
55 silly audit   'd3-scale': [ '4.0.2' ],
55 silly audit   'd3-shape': [ '3.2.0' ],
55 silly audit   'd3-time': [ '3.1.0' ],
55 silly audit   'd3-time-format': [ '4.1.0' ],
55 silly audit   'deepmerge-ts': [ '7.1.5' ],
55 silly audit   defu: [ '6.1.7' ],
55 silly audit   delaunator: [ '5.1.0' ],
55 silly audit   denque: [ '2.1.0' ],
55 silly audit   destr: [ '2.0.5' ],
55 silly audit   'detect-libc': [ '2.1.2' ],
55 silly audit   effect: [ '3.20.0' ],
55 silly audit   elkjs: [ '0.11.1' ],
55 silly audit   empathic: [ '2.0.0' ],
55 silly audit   'enhanced-resolve': [ '5.26.0' ],
55 silly audit   'env-paths': [ '3.0.0' ],
55 silly audit   esbuild: [ '0.25.12' ],
55 silly audit   execa: [ '5.1.1' ],
55 silly audit   'signal-exit': [ '3.0.7', '4.1.0' ],
55 silly audit   exsolve: [ '1.1.1' ],
55 silly audit   'fast-check': [ '3.23.2' ],
55 silly audit   'fast-decode-uri-component': [ '1.0.1' ],
55 silly audit   'fast-deep-equal': [ '3.1.3' ],
55 silly audit   'fast-querystring': [ '1.1.2' ],
55 silly audit   'fast-uri': [ '3.1.8' ],
55 silly audit   'find-my-way': [ '9.7.0' ],
55 silly audit   'foreground-child': [ '3.3.1' ],
55 silly audit   fsevents: [ '2.3.3' ],
55 silly audit   'generate-function': [ '2.3.1' ],
55 silly audit   'get-port-please': [ '3.2.0' ],
55 silly audit   'get-stream': [ '6.0.1' ],
55 silly audit   'get-tsconfig': [ '4.14.3' ],
55 silly audit   giget: [ '3.3.1' ],
55 silly audit   'graceful-fs': [ '4.2.11' ],
55 silly audit   grammex: [ '3.1.13' ],
55 silly audit   graphmatch: [ '1.1.1' ],
55 silly audit   'human-signals': [ '2.1.0' ],
55 silly audit   'iconv-lite': [ '0.7.3' ],
55 silly audit   internmap: [ '2.0.3' ],
55 silly audit   'is-buffer': [ '2.0.5' ],
55 silly audit   'is-node-process': [ '1.2.0' ],
55 silly audit   'is-property': [ '1.0.2' ],
55 silly audit   'is-stream': [ '2.0.1' ],
55 silly audit   isexe: [ '2.0.0' ],
55 silly audit   jiti: [ '2.7.0' ],
55 silly audit   jose: [ '5.10.0' ],
55 silly audit   'json-schema-traverse': [ '1.0.0' ],
55 silly audit   lightningcss: [ '1.32.0' ],
55 silly audit   'lightningcss-android-arm64': [ '1.32.0' ],
55 silly audit   'lightningcss-darwin-arm64': [ '1.32.0' ],
55 silly audit   'lightningcss-darwin-x64': [ '1.32.0' ],
55 silly audit   'lightningcss-freebsd-x64': [ '1.32.0' ],
55 silly audit   'lightningcss-linux-arm-gnueabihf': [ '1.32.0' ],
55 silly audit   'lightningcss-linux-arm64-gnu': [ '1.32.0' ],
55 silly audit   'lightningcss-linux-arm64-musl': [ '1.32.0' ],
55 silly audit   'lightningcss-linux-x64-gnu': [ '1.32.0' ],
55 silly audit   'lightningcss-linux-x64-musl': [ '1.32.0' ],
55 silly audit   'lightningcss-win32-arm64-msvc': [ '1.32.0' ],
55 silly audit   'lightningcss-win32-x64-msvc': [ '1.32.0' ],
55 silly audit   lodash: [ '4.18.1' ],
55 silly audit   long: [ '5.3.2' ],
55 silly audit   'lru.min': [ '1.1.5' ],
55 silly audit   'lucide-react': [ '0.575.0' ],
55 silly audit   'magic-string': [ '0.30.21' ],
55 silly audit   'merge-stream': [ '2.0.0' ],
55 silly audit   'mimic-fn': [ '2.1.0' ],
55 silly audit   mysql2: [ '3.15.3' ],
55 silly audit   'named-placeholders': [ '1.1.6' ],
55 silly audit   nanoid: [ '3.3.19' ],
55 silly audit   next: [ '16.3.8' ],
55 silly audit   postcss: [ '8.5.23', '8.5.28' ],
55 silly audit   'npm-run-path': [ '4.0.1' ],
55 silly audit   ohash: [ '2.0.12' ],
55 silly audit   onetime: [ '5.1.2' ],
55 silly audit   'os-paths': [ '4.4.0' ],
55 silly audit   'path-key': [ '3.1.1' ],
55 silly audit   pathe: [ '2.0.3' ],
55 silly audit   'perfect-debounce': [ '2.1.0' ],
55 silly audit   pg: [ '8.23.1' ],
55 silly audit   'pg-cloudflare': [ '1.4.1' ],
55 silly audit   'pg-connection-string': [ '2.14.1' ],
55 silly audit   'pg-int8': [ '1.0.1' ],
55 silly audit   'pg-pool': [ '3.14.0' ],
55 silly audit   'pg-protocol': [ '1.16.1' ],
55 silly audit   'pg-types': [ '2.2.0' ],
55 silly audit   'postgres-array': [ '2.0.0', '3.0.4' ],
55 silly audit   pgpass: [ '1.0.5' ],
55 silly audit   picocolors: [ '1.1.1' ],
55 silly audit   'pkg-types': [ '2.3.3' ],
55 silly audit   postgres: [ '3.4.7' ],
55 silly audit   'postgres-bytea': [ '1.0.1' ],
55 silly audit   'postgres-date': [ '1.0.7' ],
55 silly audit   'postgres-interval': [ '1.2.0' ],
55 silly audit   prisma: [ '7.10.0' ],
55 silly audit   'proper-lockfile': [ '4.1.2' ],
55 silly audit   'pure-rand': [ '6.1.0' ],
55 silly audit   rc9: [ '3.1.0' ],
55 silly audit   react: [ '19.3.0' ],
55 silly audit   'react-dom': [ '19.3.0' ],
55 silly audit   readdirp: [ '5.1.1' ],
55 silly audit   remeda: [ '2.33.4' ],
55 silly audit   'require-from-string': [ '2.0.2' ],
55 silly audit   'resolve-pkg-maps': [ '1.0.0' ],
55 silly audit   ret: [ '0.5.0' ],
55 silly audit   'robust-predicates': [ '3.0.3' ],
55 silly audit   'safe-regex2': [ '5.1.1' ],
55 silly audit   'safer-buffer': [ '2.1.2' ],
55 silly audit   scheduler: [ '0.28.0' ],
55 silly audit   semver: [ '7.8.5' ],
55 silly audit   'seq-queue': [ '0.0.5' ],
55 silly audit   sharp: [ '0.35.5' ],
55 silly audit   'shebang-command': [ '2.0.0' ],
55 silly audit   'shebang-regex': [ '3.0.0' ],
55 silly audit   sonner: [ '2.0.8' ],
55 silly audit   'source-map-js': [ '1.2.2' ],
55 silly audit   split2: [ '4.2.0' ],
55 silly audit   sqlstring: [ '2.3.3' ],
55 silly audit   'std-env': [ '3.10.0' ],
55 silly audit   'strip-final-newline': [ '2.0.0' ],
55 silly audit   'styled-jsx': [ '5.1.6' ],
55 silly audit   tailwindcss: [ '4.3.3' ],
55 silly audit   tapable: [ '2.3.3' ],
55 silly audit   throttleit: [ '2.1.0' ],
55 silly audit   tslib: [ '2.8.1' ],
55 silly audit   tsx: [ '4.20.5' ],
55 silly audit   typescript: [ '5.9.2' ],
55 silly audit   undici: [ '6.29.0' ],
55 silly audit   'undici-types': [ '6.21.0' ],
55 silly audit   valibot: [ '1.4.2' ],
55 silly audit   which: [ '2.0.2' ],
55 silly audit   'xdg-app-paths': [ '5.5.1' ],
55 silly audit   'xdg-portable': [ '7.3.0' ],
55 silly audit   xtend: [ '4.0.2' ],
55 silly audit   zeptomatch: [ '2.1.0' ],
55 silly audit   zod: [ '4.1.11' ],
55 silly audit   zustand: [ '5.0.15' ],
55 silly audit   resend: [ '6.32.0' ],
55 silly audit   'postal-mime': [ '2.7.6' ],
55 silly audit   standardwebhooks: [ '1.1.1' ],
55 silly audit   '@stablelib/base64': [ '1.0.1' ],
55 silly audit   'fast-sha256': [ '1.3.0' ]
55 silly audit }
56 http cache @stablelib/base64@https://registry.npmjs.org/@stablelib/base64/-/base64-1.0.1.tgz 1ms (cache hit)
57 http cache fast-sha256@https://registry.npmjs.org/fast-sha256/-/fast-sha256-1.3.0.tgz 0ms (cache hit)
58 silly tarball no local data for @stablelib/base64@https://registry.npmjs.org/@stablelib/base64/-/base64-1.0.1.tgz. Extracting by manifest.
59 http cache standardwebhooks@https://registry.npmjs.org/standardwebhooks/-/standardwebhooks-1.1.1.tgz 1ms (cache hit)
60 silly tarball no local data for fast-sha256@https://registry.npmjs.org/fast-sha256/-/fast-sha256-1.3.0.tgz. Extracting by manifest.
61 http cache resend@https://registry.npmjs.org/resend/-/resend-6.32.0.tgz 0ms (cache hit)
62 http cache postal-mime@https://registry.npmjs.org/postal-mime/-/postal-mime-2.7.6.tgz 0ms (cache hit)
63 silly tarball no local data for standardwebhooks@https://registry.npmjs.org/standardwebhooks/-/standardwebhooks-1.1.1.tgz. Extracting by manifest.
64 silly tarball no local data for resend@https://registry.npmjs.org/resend/-/resend-6.32.0.tgz. Extracting by manifest.
65 silly tarball no local data for postal-mime@https://registry.npmjs.org/postal-mime/-/postal-mime-2.7.6.tgz. Extracting by manifest.
66 http fetch GET 200 https://registry.npmjs.org/@stablelib/base64/-/base64-1.0.1.tgz 310ms (cache miss)
67 http fetch POST 200 https://registry.npmjs.org/-/npm/v1/security/advisories/bulk 595ms
68 silly audit report {
68 silly audit report   'deepmerge-ts': [
68 silly audit report     {
68 silly audit report       id: 1145093,
68 silly audit report       url: 'https://github.com/advisories/GHSA-ggr8-5vv4-36mx',
68 silly audit report       title: 'DeepmergeTS has stack exhaustion when merging recursive object graphs',
68 silly audit report       severity: 'high',
68 silly audit report       vulnerable_versions: '<8.0.0',
68 silly audit report       cwe: [Array],
68 silly audit report       cvss: [Object]
68 silly audit report     }
68 silly audit report   ],
68 silly audit report   mysql2: [
68 silly audit report     {
68 silly audit report       id: 1158532,
68 silly audit report       url: 'https://github.com/advisories/GHSA-rgwj-5xj2-c3m3',
68 silly audit report       title: 'MySQL2: Unbounded zlib inflate in compressed MySQL protocol handler allows decompression-bomb DoS',
68 silly audit report       severity: 'moderate',
68 silly audit report       vulnerable_versions: '<=3.23.0',
68 silly audit report       cwe: [Array],
68 silly audit report       cvss: [Object]
68 silly audit report     },
68 silly audit report     {
68 silly audit report       id: 1153173,
68 silly audit report       url: 'https://github.com/advisories/GHSA-3f6p-5ww8-9rcr',
68 silly audit report       title: 'MySQL2: Auth Plugin Downgrade to mysql_clear_password Leaks Plaintext Credentials',
68 silly audit report       severity: 'high',
68 silly audit report       vulnerable_versions: '<3.22.0',
68 silly audit report       cwe: [Array],
68 silly audit report       cvss: [Object]
68 silly audit report     }
68 silly audit report   ]
68 silly audit report }
69 silly packumentCache corgi:https://registry.npmjs.org/deepmerge-ts cache-miss
70 silly packumentCache corgi:https://registry.npmjs.org/mysql2 cache-miss
71 http fetch GET 200 https://registry.npmjs.org/standardwebhooks/-/standardwebhooks-1.1.1.tgz 693ms (cache miss)
72 http fetch GET 200 https://registry.npmjs.org/fast-sha256/-/fast-sha256-1.3.0.tgz 733ms (cache miss)
73 http fetch GET 200 https://registry.npmjs.org/mysql2 218ms (cache revalidated)
74 silly packumentCache corgi:https://registry.npmjs.org/mysql2 set size:431278 disposed:false
75 http fetch GET 200 https://registry.npmjs.org/deepmerge-ts 272ms (cache revalidated)
76 silly packumentCache corgi:https://registry.npmjs.org/deepmerge-ts set size:183304 disposed:false
77 silly packumentCache corgi:https://registry.npmjs.org/@prisma%2fconfig cache-miss
78 http fetch GET 200 https://registry.npmjs.org/resend/-/resend-6.32.0.tgz 965ms (cache miss)
79 http fetch GET 200 https://registry.npmjs.org/@prisma%2fconfig 344ms (cache revalidated)
80 silly packumentCache corgi:https://registry.npmjs.org/@prisma%2fconfig set size:1521110 disposed:false
81 silly packumentCache corgi:https://registry.npmjs.org/prisma cache-miss
82 http fetch GET 200 https://registry.npmjs.org/postal-mime/-/postal-mime-2.7.6.tgz 1910ms (cache miss)
83 http fetch GET 200 https://registry.npmjs.org/prisma 2255ms (cache revalidated)
84 silly packumentCache corgi:https://registry.npmjs.org/prisma set size:23192080 disposed:false
85 silly packumentCache corgi:https://registry.npmjs.org/@prisma%2fclient cache-miss
86 http fetch GET 200 https://registry.npmjs.org/@prisma%2fclient 1116ms (cache revalidated)
87 silly packumentCache corgi:https://registry.npmjs.org/@prisma%2fclient set size:38170473 disposed:false
88 silly ADD node_modules/fast-sha256
89 silly ADD node_modules/@stablelib/base64
90 silly ADD node_modules/standardwebhooks
91 silly ADD node_modules/postal-mime
92 silly ADD node_modules/resend
93 verbose cwd C:\Users\jesse\Desktop\imprimbrain
94 verbose os Windows_NT 10.0.26200
95 verbose node v24.16.0
96 verbose npm  v11.13.0
97 verbose exit 0
98 info ok
