0 verbose cli C:\Program Files\nodejs\node.exe C:\Program Files\nodejs\node_modules\npm\bin\npm-cli.js
1 info using npm@11.13.0
2 info using node@v24.16.0
3 silly config load:file:C:\Program Files\nodejs\node_modules\npm\npmrc
4 silly config load:file:C:\Users\jesse\Desktop\imprimbrain\.npmrc
5 silly config load:file:C:\Users\jesse\.npmrc
6 silly config load:file:C:\Users\jesse\AppData\Roaming\npm\etc\npmrc
7 verbose title npm install @vercel/blob sharp
8 verbose argv "install" "--cache" ".npm-cache" "@vercel/blob" "sharp"
9 verbose logfile logs-max:10 dir:C:\Users\jesse\Desktop\imprimbrain\.npm-cache\_logs\2026-10-03T10_54_00_186Z-
10 verbose logfile C:\Users\jesse\Desktop\imprimbrain\.npm-cache\_logs\2026-10-03T10_54_00_186Z-debug-0.log
11 silly logfile done cleaning log files
12 silly packumentCache heap:4496293888 maxSize:1124073472 maxEntrySize:562036736
13 silly idealTree buildDeps
14 silly fetch manifest @vercel/blob@*
15 silly packumentCache full:https://registry.npmjs.org/@vercel%2fblob cache-miss
16 http fetch GET 200 https://registry.npmjs.org/npm 1015ms
17 http fetch GET 200 https://registry.npmjs.org/@vercel%2fblob 893ms (cache miss)
18 silly packumentCache full:https://registry.npmjs.org/@vercel%2fblob set size:undefined disposed:false
19 silly fetch manifest sharp@*
20 silly packumentCache full:https://registry.npmjs.org/sharp cache-miss
21 http fetch GET 200 https://registry.npmjs.org/sharp 351ms (cache miss)
22 silly packumentCache full:https://registry.npmjs.org/sharp set size:undefined disposed:false
23 silly placeDep ROOT @vercel/blob@2.8.0 OK for: imprimbrain@0.1.0 want: *
24 silly placeDep ROOT sharp@0.35.5 REPLACE for: imprimbrain@0.1.0 want: *
25 silly fetch manifest undici@^6.23.0
26 silly packumentCache full:https://registry.npmjs.org/undici cache-miss
27 silly fetch manifest is-buffer@^2.0.5
28 silly packumentCache full:https://registry.npmjs.org/is-buffer cache-miss
29 silly fetch manifest throttleit@^2.1.0
30 silly packumentCache full:https://registry.npmjs.org/throttleit cache-miss
31 silly fetch manifest async-retry@^1.3.3
32 silly packumentCache full:https://registry.npmjs.org/async-retry cache-miss
33 silly fetch manifest @vercel/oidc@^3.6.1
34 silly packumentCache full:https://registry.npmjs.org/@vercel%2foidc cache-miss
35 silly fetch manifest is-node-process@^1.2.0
36 silly packumentCache full:https://registry.npmjs.org/is-node-process cache-miss
37 http fetch GET 200 https://registry.npmjs.org/is-buffer 188ms (cache miss)
38 silly packumentCache full:https://registry.npmjs.org/is-buffer set size:undefined disposed:false
39 http fetch GET 200 https://registry.npmjs.org/undici 317ms (cache miss)
40 silly packumentCache full:https://registry.npmjs.org/undici set size:undefined disposed:false
41 http fetch GET 200 https://registry.npmjs.org/throttleit 493ms (cache miss)
42 silly packumentCache full:https://registry.npmjs.org/throttleit set size:undefined disposed:false
43 http fetch GET 200 https://registry.npmjs.org/is-node-process 529ms (cache miss)
44 silly packumentCache full:https://registry.npmjs.org/is-node-process set size:undefined disposed:false
45 http fetch GET 200 https://registry.npmjs.org/async-retry 552ms (cache miss)
46 silly packumentCache full:https://registry.npmjs.org/async-retry set size:undefined disposed:false
47 http fetch GET 200 https://registry.npmjs.org/@vercel%2foidc 571ms (cache miss)
48 silly packumentCache full:https://registry.npmjs.org/@vercel%2foidc set size:undefined disposed:false
49 silly placeDep ROOT @vercel/oidc@3.8.10 OK for: @vercel/blob@2.8.0 want: ^3.6.1
50 silly placeDep ROOT async-retry@1.3.3 OK for: @vercel/blob@2.8.0 want: ^1.3.3
51 silly placeDep ROOT is-buffer@2.0.5 OK for: @vercel/blob@2.8.0 want: ^2.0.5
52 silly placeDep ROOT is-node-process@1.2.0 OK for: @vercel/blob@2.8.0 want: ^1.2.0
53 silly placeDep ROOT throttleit@2.1.0 OK for: @vercel/blob@2.8.0 want: ^2.1.0
54 silly placeDep ROOT undici@6.29.0 OK for: @vercel/blob@2.8.0 want: ^6.23.0
55 silly fetch manifest jose@^5.9.6
56 silly packumentCache full:https://registry.npmjs.org/jose cache-miss
57 silly fetch manifest @vercel/cli-exec@1.0.1
58 silly packumentCache full:https://registry.npmjs.org/@vercel%2fcli-exec cache-miss
59 silly fetch manifest @vercel/cli-config@0.3.1
60 silly packumentCache full:https://registry.npmjs.org/@vercel%2fcli-config cache-miss
61 silly fetch manifest retry@0.13.1
62 silly packumentCache full:https://registry.npmjs.org/retry cache-miss
63 http fetch GET 200 https://registry.npmjs.org/@vercel%2fcli-exec 193ms (cache miss)
64 silly packumentCache full:https://registry.npmjs.org/@vercel%2fcli-exec set size:undefined disposed:false
65 http fetch GET 200 https://registry.npmjs.org/retry 208ms (cache miss)
66 silly packumentCache full:https://registry.npmjs.org/retry set size:undefined disposed:false
67 http fetch GET 200 https://registry.npmjs.org/@vercel%2fcli-config 216ms (cache miss)
68 silly packumentCache full:https://registry.npmjs.org/@vercel%2fcli-config set size:undefined disposed:false
69 http fetch GET 200 https://registry.npmjs.org/jose 271ms (cache miss)
70 silly packumentCache full:https://registry.npmjs.org/jose set size:undefined disposed:false
71 silly placeDep ROOT @vercel/cli-config@0.3.1 OK for: @vercel/oidc@3.8.10 want: 0.3.1
72 silly placeDep ROOT @vercel/cli-exec@1.0.1 OK for: @vercel/oidc@3.8.10 want: 1.0.1
73 silly placeDep ROOT jose@5.10.0 OK for: @vercel/oidc@3.8.10 want: ^5.9.6
74 silly fetch manifest zod@4.1.11
75 silly packumentCache full:https://registry.npmjs.org/zod cache-miss
76 silly fetch manifest xdg-app-paths@5
77 silly packumentCache full:https://registry.npmjs.org/xdg-app-paths cache-miss
78 silly fetch manifest execa@5.1.1
79 silly packumentCache full:https://registry.npmjs.org/execa cache-miss
80 http fetch GET 200 https://registry.npmjs.org/execa 190ms (cache miss)
81 silly packumentCache full:https://registry.npmjs.org/execa set size:undefined disposed:false
82 http fetch GET 200 https://registry.npmjs.org/xdg-app-paths 210ms (cache miss)
83 silly packumentCache full:https://registry.npmjs.org/xdg-app-paths set size:undefined disposed:false
84 http fetch GET 200 https://registry.npmjs.org/zod 529ms (cache miss)
85 silly packumentCache full:https://registry.npmjs.org/zod set size:undefined disposed:false
86 silly placeDep ROOT xdg-app-paths@5.5.1 OK for: @vercel/cli-config@0.3.1 want: 5
87 silly placeDep ROOT zod@4.1.11 OK for: @vercel/cli-config@0.3.1 want: 4.1.11
88 silly fetch manifest os-paths@^4.0.1
89 silly packumentCache full:https://registry.npmjs.org/os-paths cache-miss
90 silly fetch manifest xdg-portable@^7.2.0
91 silly packumentCache full:https://registry.npmjs.org/xdg-portable cache-miss
92 http fetch GET 200 https://registry.npmjs.org/os-paths 235ms (cache miss)
93 silly packumentCache full:https://registry.npmjs.org/os-paths set size:undefined disposed:false
94 http fetch GET 200 https://registry.npmjs.org/xdg-portable 252ms (cache miss)
95 silly packumentCache full:https://registry.npmjs.org/xdg-portable set size:undefined disposed:false
96 silly placeDep ROOT execa@5.1.1 OK for: @vercel/cli-exec@1.0.1 want: 5.1.1
97 silly fetch manifest onetime@^5.1.2
98 silly packumentCache full:https://registry.npmjs.org/onetime cache-miss
99 silly fetch manifest is-stream@^2.0.0
100 silly packumentCache full:https://registry.npmjs.org/is-stream cache-miss
101 silly fetch manifest get-stream@^6.0.0
102 silly packumentCache full:https://registry.npmjs.org/get-stream cache-miss
103 silly fetch manifest signal-exit@^3.0.3
104 silly packumentCache full:https://registry.npmjs.org/signal-exit cache-miss
105 silly fetch manifest merge-stream@^2.0.0
106 silly packumentCache full:https://registry.npmjs.org/merge-stream cache-miss
107 silly fetch manifest npm-run-path@^4.0.1
108 silly packumentCache full:https://registry.npmjs.org/npm-run-path cache-miss
109 silly fetch manifest human-signals@^2.1.0
110 silly packumentCache full:https://registry.npmjs.org/human-signals cache-miss
111 http fetch GET 200 https://registry.npmjs.org/is-stream 169ms (cache miss)
112 silly packumentCache full:https://registry.npmjs.org/is-stream set size:undefined disposed:false
113 silly fetch manifest strip-final-newline@^2.0.0
114 silly packumentCache full:https://registry.npmjs.org/strip-final-newline cache-miss
115 http fetch GET 200 https://registry.npmjs.org/npm-run-path 189ms (cache miss)
116 silly packumentCache full:https://registry.npmjs.org/npm-run-path set size:undefined disposed:false
117 http fetch GET 200 https://registry.npmjs.org/onetime 202ms (cache miss)
118 silly packumentCache full:https://registry.npmjs.org/onetime set size:undefined disposed:false
119 http fetch GET 200 https://registry.npmjs.org/signal-exit 209ms (cache miss)
120 silly packumentCache full:https://registry.npmjs.org/signal-exit set size:undefined disposed:false
121 http fetch GET 200 https://registry.npmjs.org/get-stream 217ms (cache miss)
122 silly packumentCache full:https://registry.npmjs.org/get-stream set size:undefined disposed:false
123 http fetch GET 200 https://registry.npmjs.org/strip-final-newline 135ms (cache miss)
124 silly packumentCache full:https://registry.npmjs.org/strip-final-newline set size:undefined disposed:false
125 http fetch GET 200 https://registry.npmjs.org/merge-stream 317ms (cache miss)
126 silly packumentCache full:https://registry.npmjs.org/merge-stream set size:undefined disposed:false
127 http fetch GET 200 https://registry.npmjs.org/human-signals 576ms (cache miss)
128 silly packumentCache full:https://registry.npmjs.org/human-signals set size:undefined disposed:false
129 silly placeDep node_modules/async-retry retry@0.13.1 OK for: async-retry@1.3.3 want: 0.13.1
130 silly placeDep ROOT get-stream@6.0.1 OK for: execa@5.1.1 want: ^6.0.0
131 silly placeDep ROOT human-signals@2.1.0 OK for: execa@5.1.1 want: ^2.1.0
132 silly placeDep ROOT is-stream@2.0.1 OK for: execa@5.1.1 want: ^2.0.0
133 silly placeDep ROOT merge-stream@2.0.0 OK for: execa@5.1.1 want: ^2.0.0
134 silly placeDep ROOT npm-run-path@4.0.1 OK for: execa@5.1.1 want: ^4.0.1
135 silly placeDep ROOT onetime@5.1.2 OK for: execa@5.1.1 want: ^5.1.2
136 silly placeDep node_modules/execa signal-exit@3.0.7 OK for: execa@5.1.1 want: ^3.0.3
137 silly placeDep ROOT strip-final-newline@2.0.0 OK for: execa@5.1.1 want: ^2.0.0
138 silly fetch manifest mimic-fn@^2.1.0
139 silly packumentCache full:https://registry.npmjs.org/mimic-fn cache-miss
140 http fetch GET 200 https://registry.npmjs.org/mimic-fn 176ms (cache miss)
141 silly packumentCache full:https://registry.npmjs.org/mimic-fn set size:undefined disposed:false
142 silly placeDep ROOT mimic-fn@2.1.0 OK for: onetime@5.1.2 want: ^2.1.0
143 silly placeDep ROOT os-paths@4.4.0 OK for: xdg-app-paths@5.5.1 want: ^4.0.1
144 silly placeDep ROOT xdg-portable@7.3.0 OK for: xdg-app-paths@5.5.1 want: ^7.2.0
145 silly reify moves {}
146 silly audit bulk request {
146 silly audit   '@alloc/quick-lru': [ '5.3.0' ],
146 silly audit   '@electric-sql/pglite': [ '0.4.3' ],
146 silly audit   '@electric-sql/pglite-socket': [ '0.1.3' ],
146 silly audit   '@electric-sql/pglite-tools': [ '0.3.3' ],
146 silly audit   '@emnapi/runtime': [ '1.11.3' ],
146 silly audit   '@esbuild/aix-ppc64': [ '0.25.12' ],
146 silly audit   '@esbuild/android-arm': [ '0.25.12' ],
146 silly audit   '@esbuild/android-arm64': [ '0.25.12' ],
146 silly audit   '@esbuild/android-x64': [ '0.25.12' ],
146 silly audit   '@esbuild/darwin-arm64': [ '0.25.12' ],
146 silly audit   '@esbuild/darwin-x64': [ '0.25.12' ],
146 silly audit   '@esbuild/freebsd-arm64': [ '0.25.12' ],
146 silly audit   '@esbuild/freebsd-x64': [ '0.25.12' ],
146 silly audit   '@esbuild/linux-arm': [ '0.25.12' ],
146 silly audit   '@esbuild/linux-arm64': [ '0.25.12' ],
146 silly audit   '@esbuild/linux-ia32': [ '0.25.12' ],
146 silly audit   '@esbuild/linux-loong64': [ '0.25.12' ],
146 silly audit   '@esbuild/linux-mips64el': [ '0.25.12' ],
146 silly audit   '@esbuild/linux-ppc64': [ '0.25.12' ],
146 silly audit   '@esbuild/linux-riscv64': [ '0.25.12' ],
146 silly audit   '@esbuild/linux-s390x': [ '0.25.12' ],
146 silly audit   '@esbuild/linux-x64': [ '0.25.12' ],
146 silly audit   '@esbuild/netbsd-arm64': [ '0.25.12' ],
146 silly audit   '@esbuild/netbsd-x64': [ '0.25.12' ],
146 silly audit   '@esbuild/openbsd-arm64': [ '0.25.12' ],
146 silly audit   '@esbuild/openbsd-x64': [ '0.25.12' ],
146 silly audit   '@esbuild/openharmony-arm64': [ '0.25.12' ],
146 silly audit   '@esbuild/sunos-x64': [ '0.25.12' ],
146 silly audit   '@esbuild/win32-arm64': [ '0.25.12' ],
146 silly audit   '@esbuild/win32-ia32': [ '0.25.12' ],
146 silly audit   '@esbuild/win32-x64': [ '0.25.12' ],
146 silly audit   '@img/colour': [ '1.1.0' ],
146 silly audit   '@img/sharp-darwin-arm64': [ '0.35.5' ],
146 silly audit   '@img/sharp-darwin-x64': [ '0.35.5' ],
146 silly audit   '@img/sharp-freebsd-wasm32': [ '0.35.5' ],
146 silly audit   '@img/sharp-libvips-darwin-arm64': [ '1.3.4' ],
146 silly audit   '@img/sharp-libvips-darwin-x64': [ '1.3.4' ],
146 silly audit   '@img/sharp-libvips-linux-arm': [ '1.3.4' ],
146 silly audit   '@img/sharp-libvips-linux-arm64': [ '1.3.4' ],
146 silly audit   '@img/sharp-libvips-linux-ppc64': [ '1.3.4' ],
146 silly audit   '@img/sharp-libvips-linux-riscv64': [ '1.3.4' ],
146 silly audit   '@img/sharp-libvips-linux-s390x': [ '1.3.4' ],
146 silly audit   '@img/sharp-libvips-linux-x64': [ '1.3.4' ],
146 silly audit   '@img/sharp-libvips-linuxmusl-arm64': [ '1.3.4' ],
146 silly audit   '@img/sharp-libvips-linuxmusl-x64': [ '1.3.4' ],
146 silly audit   '@img/sharp-linux-arm': [ '0.35.5' ],
146 silly audit   '@img/sharp-linux-arm64': [ '0.35.5' ],
146 silly audit   '@img/sharp-linux-ppc64': [ '0.35.5' ],
146 silly audit   '@img/sharp-linux-riscv64': [ '0.35.5' ],
146 silly audit   '@img/sharp-linux-s390x': [ '0.35.5' ],
146 silly audit   '@img/sharp-linux-x64': [ '0.35.5' ],
146 silly audit   '@img/sharp-linuxmusl-arm64': [ '0.35.5' ],
146 silly audit   '@img/sharp-linuxmusl-x64': [ '0.35.5' ],
146 silly audit   '@img/sharp-wasm32': [ '0.35.5' ],
146 silly audit   '@img/sharp-webcontainers-wasm32': [ '0.35.5' ],
146 silly audit   '@img/sharp-win32-arm64': [ '0.35.5' ],
146 silly audit   '@img/sharp-win32-ia32': [ '0.35.5' ],
146 silly audit   '@img/sharp-win32-x64': [ '0.35.5' ],
146 silly audit   '@jridgewell/gen-mapping': [ '0.3.13' ],
146 silly audit   '@jridgewell/remapping': [ '2.3.5' ],
146 silly audit   '@jridgewell/resolve-uri': [ '3.1.2' ],
146 silly audit   '@jridgewell/sourcemap-codec': [ '1.6.0' ],
146 silly audit   '@jridgewell/trace-mapping': [ '0.3.31' ],
146 silly audit   '@next/env': [ '16.3.8' ],
146 silly audit   '@next/swc-darwin-arm64': [ '16.3.8' ],
146 silly audit   '@next/swc-darwin-x64': [ '16.3.8' ],
146 silly audit   '@next/swc-linux-arm64-gnu': [ '16.3.8' ],
146 silly audit   '@next/swc-linux-arm64-musl': [ '16.3.8' ],
146 silly audit   '@next/swc-linux-x64-gnu': [ '16.3.8' ],
146 silly audit   '@next/swc-linux-x64-musl': [ '16.3.8' ],
146 silly audit   '@next/swc-win32-arm64-msvc': [ '16.3.8' ],
146 silly audit   '@next/swc-win32-x64-msvc': [ '16.3.8' ],
146 silly audit   '@prisma/adapter-pg': [ '7.10.0' ],
146 silly audit   '@prisma/client': [ '7.10.0' ],
146 silly audit   '@prisma/client-runtime-utils': [ '7.10.0' ],
146 silly audit   '@prisma/config': [ '7.10.0' ],
146 silly audit   '@prisma/debug': [ '7.10.0', '7.2.0' ],
146 silly audit   '@prisma/dev': [ '0.24.17' ],
146 silly audit   '@prisma/driver-adapter-utils': [ '7.10.0' ],
146 silly audit   '@prisma/engines': [ '7.10.0' ],
146 silly audit   '@prisma/engines-version': [ '7.10.0-4.0edf323efd1d98336f3f0a68684b56f689b900d3' ],
146 silly audit   '@prisma/get-platform': [ '7.10.0', '7.2.0' ],
146 silly audit   '@prisma/fetch-engine': [ '7.10.0' ],
146 silly audit   '@prisma/query-plan-executor': [ '7.2.0' ],
146 silly audit   '@prisma/streams-local': [ '0.1.11' ],
146 silly audit   '@prisma/studio-core': [ '0.33.0' ],
146 silly audit   '@radix-ui/react-toggle': [ '1.1.10' ],
146 silly audit   '@radix-ui/react-primitive': [ '2.1.3' ],
146 silly audit   '@radix-ui/primitive': [ '1.1.3' ],
146 silly audit   '@radix-ui/react-compose-refs': [ '1.1.2' ],
146 silly audit   '@radix-ui/react-slot': [ '1.2.3' ],
146 silly audit   '@radix-ui/react-use-controllable-state': [ '1.2.2' ],
146 silly audit   '@radix-ui/react-use-effect-event': [ '0.0.2' ],
146 silly audit   '@radix-ui/react-use-layout-effect': [ '1.1.1' ],
146 silly audit   '@standard-schema/spec': [ '1.1.0' ],
146 silly audit   '@swc/helpers': [ '0.5.23' ],
146 silly audit   '@tailwindcss/node': [ '4.3.3' ],
146 silly audit   '@tailwindcss/oxide': [ '4.3.3' ],
146 silly audit   '@tailwindcss/oxide-android-arm64': [ '4.3.3' ],
146 silly audit   '@tailwindcss/oxide-darwin-arm64': [ '4.3.3' ],
146 silly audit   '@tailwindcss/oxide-darwin-x64': [ '4.3.3' ],
146 silly audit   '@tailwindcss/oxide-freebsd-x64': [ '4.3.3' ],
146 silly audit   '@tailwindcss/oxide-linux-arm-gnueabihf': [ '4.3.3' ],
146 silly audit   '@tailwindcss/oxide-linux-arm64-gnu': [ '4.3.3' ],
146 silly audit   '@tailwindcss/oxide-linux-arm64-musl': [ '4.3.3' ],
146 silly audit   '@tailwindcss/oxide-linux-x64-gnu': [ '4.3.3' ],
146 silly audit   '@tailwindcss/oxide-linux-x64-musl': [ '4.3.3' ],
146 silly audit   '@tailwindcss/oxide-wasm32-wasi': [ '4.3.3' ],
146 silly audit   '@tailwindcss/oxide-win32-arm64-msvc': [ '4.3.3' ],
146 silly audit   '@tailwindcss/oxide-win32-x64-msvc': [ '4.3.3' ],
146 silly audit   '@tailwindcss/postcss': [ '4.3.3' ],
146 silly audit   '@types/d3-array': [ '3.0.3' ],
146 silly audit   '@types/d3-color': [ '3.1.0' ],
146 silly audit   '@types/d3-delaunay': [ '6.0.1' ],
146 silly audit   '@types/d3-format': [ '3.0.1' ],
146 silly audit   '@types/d3-geo': [ '3.1.0' ],
146 silly audit   '@types/d3-interpolate': [ '3.0.1' ],
146 silly audit   '@types/d3-path': [ '3.1.1' ],
146 silly audit   '@types/d3-scale': [ '4.0.2' ],
146 silly audit   '@types/d3-shape': [ '3.1.7' ],
146 silly audit   '@types/d3-time': [ '3.0.0' ],
146 silly audit   '@types/d3-time-format': [ '2.1.0' ],
146 silly audit   '@types/geojson': [ '7946.0.16' ],
146 silly audit   '@types/lodash': [ '4.17.25' ],
146 silly audit   '@types/node': [ '22.16.5' ],
146 silly audit   '@types/pg': [ '8.23.1' ],
146 silly audit   '@types/react': [ '19.2.0' ],
146 silly audit   '@types/react-dom': [ '19.2.0' ],
146 silly audit   '@visx/curve': [ '4.0.1-alpha.0' ],
146 silly audit   '@visx/event': [ '4.0.1-alpha.0' ],
146 silly audit   '@visx/grid': [ '4.0.1-alpha.0' ],
146 silly audit   '@visx/group': [ '4.0.1-alpha.0' ],
146 silly audit   '@visx/point': [ '4.0.1-alpha.0' ],
146 silly audit   '@visx/responsive': [ '4.0.1-alpha.0' ],
146 silly audit   '@visx/scale': [ '4.0.1-alpha.0' ],
146 silly audit   '@visx/shape': [ '4.0.1-alpha.0' ],
146 silly audit   '@visx/vendor': [ '4.0.0-alpha.0' ],
146 silly audit   'd3-array': [ '3.2.1', '3.2.4' ],
146 silly audit   ajv: [ '8.20.0' ],
146 silly audit   'aws-ssl-profiles': [ '1.1.2' ],
146 silly audit   'baseline-browser-mapping': [ '2.11.27' ],
146 silly audit   'better-result': [ '2.10.0' ],
146 silly audit   c12: [ '3.3.4' ],
146 silly audit   dotenv: [ '17.4.2', '17.2.3' ],
146 silly audit   'caniuse-lite': [ '1.0.30001814' ],
146 silly audit   chokidar: [ '5.0.0' ],
146 silly audit   classnames: [ '2.5.1' ],
146 silly audit   'client-only': [ '0.0.1' ],
146 silly audit   clsx: [ '2.1.1' ],
146 silly audit   confbox: [ '0.2.4', '0.3.1' ],
146 silly audit   'cross-spawn': [ '7.0.6' ],
146 silly audit   csstype: [ '3.2.3' ],
146 silly audit   'd3-color': [ '3.1.0' ],
146 silly audit   'd3-delaunay': [ '6.0.2' ],
146 silly audit   'd3-format': [ '3.1.0' ],
146 silly audit   'd3-geo': [ '3.1.0' ],
146 silly audit   'd3-interpolate': [ '3.0.1' ],
146 silly audit   'd3-path': [ '3.1.0' ],
146 silly audit   'd3-scale': [ '4.0.2' ],
146 silly audit   'd3-shape': [ '3.2.0' ],
146 silly audit   'd3-time': [ '3.1.0' ],
146 silly audit   'd3-time-format': [ '4.1.0' ],
146 silly audit   'deepmerge-ts': [ '7.1.5' ],
146 silly audit   defu: [ '6.1.7' ],
146 silly audit   delaunator: [ '5.1.0' ],
146 silly audit   denque: [ '2.1.0' ],
146 silly audit   destr: [ '2.0.5' ],
146 silly audit   'detect-libc': [ '2.1.2' ],
146 silly audit   effect: [ '3.20.0' ],
146 silly audit   elkjs: [ '0.11.1' ],
146 silly audit   empathic: [ '2.0.0' ],
146 silly audit   'enhanced-resolve': [ '5.26.0' ],
146 silly audit   'env-paths': [ '3.0.0' ],
146 silly audit   esbuild: [ '0.25.12' ],
146 silly audit   exsolve: [ '1.1.1' ],
146 silly audit   'fast-check': [ '3.23.2' ],
146 silly audit   'fast-decode-uri-component': [ '1.0.1' ],
146 silly audit   'fast-deep-equal': [ '3.1.3' ],
146 silly audit   'fast-querystring': [ '1.1.2' ],
146 silly audit   'fast-uri': [ '3.1.8' ],
146 silly audit   'find-my-way': [ '9.7.0' ],
146 silly audit   'foreground-child': [ '3.3.1' ],
146 silly audit   fsevents: [ '2.3.3' ],
146 silly audit   'generate-function': [ '2.3.1' ],
146 silly audit   'get-port-please': [ '3.2.0' ],
146 silly audit   'get-tsconfig': [ '4.14.3' ],
146 silly audit   giget: [ '3.3.1' ],
146 silly audit   'graceful-fs': [ '4.2.11' ],
146 silly audit   grammex: [ '3.1.13' ],
146 silly audit   graphmatch: [ '1.1.1' ],
146 silly audit   'iconv-lite': [ '0.7.3' ],
146 silly audit   internmap: [ '2.0.3' ],
146 silly audit   'is-property': [ '1.0.2' ],
146 silly audit   isexe: [ '2.0.0' ],
146 silly audit   jiti: [ '2.7.0' ],
146 silly audit   'json-schema-traverse': [ '1.0.0' ],
146 silly audit   lightningcss: [ '1.32.0' ],
146 silly audit   'lightningcss-android-arm64': [ '1.32.0' ],
146 silly audit   'lightningcss-darwin-arm64': [ '1.32.0' ],
146 silly audit   'lightningcss-darwin-x64': [ '1.32.0' ],
146 silly audit   'lightningcss-freebsd-x64': [ '1.32.0' ],
146 silly audit   'lightningcss-linux-arm-gnueabihf': [ '1.32.0' ],
146 silly audit   'lightningcss-linux-arm64-gnu': [ '1.32.0' ],
146 silly audit   'lightningcss-linux-arm64-musl': [ '1.32.0' ],
146 silly audit   'lightningcss-linux-x64-gnu': [ '1.32.0' ],
146 silly audit   'lightningcss-linux-x64-musl': [ '1.32.0' ],
146 silly audit   'lightningcss-win32-arm64-msvc': [ '1.32.0' ],
146 silly audit   'lightningcss-win32-x64-msvc': [ '1.32.0' ],
146 silly audit   lodash: [ '4.18.1' ],
146 silly audit   long: [ '5.3.2' ],
146 silly audit   'lru.min': [ '1.1.5' ],
146 silly audit   'lucide-react': [ '0.575.0' ],
146 silly audit   'magic-string': [ '0.30.21' ],
146 silly audit   mysql2: [ '3.15.3' ],
146 silly audit   'named-placeholders': [ '1.1.6' ],
146 silly audit   nanoid: [ '3.3.19' ],
146 silly audit   next: [ '16.3.8' ],
146 silly audit   postcss: [ '8.5.23', '8.5.28' ],
146 silly audit   ohash: [ '2.0.12' ],
146 silly audit   'path-key': [ '3.1.1' ],
146 silly audit   pathe: [ '2.0.3' ],
146 silly audit   'perfect-debounce': [ '2.1.0' ],
146 silly audit   pg: [ '8.23.1' ],
146 silly audit   'pg-cloudflare': [ '1.4.1' ],
146 silly audit   'pg-connection-string': [ '2.14.1' ],
146 silly audit   'pg-int8': [ '1.0.1' ],
146 silly audit   'pg-pool': [ '3.14.0' ],
146 silly audit   'pg-protocol': [ '1.16.1' ],
146 silly audit   'pg-types': [ '2.2.0' ],
146 silly audit   'postgres-array': [ '2.0.0', '3.0.4' ],
146 silly audit   pgpass: [ '1.0.5' ],
146 silly audit   picocolors: [ '1.1.1' ],
146 silly audit   'pkg-types': [ '2.3.3' ],
146 silly audit   postgres: [ '3.4.7' ],
146 silly audit   'postgres-bytea': [ '1.0.1' ],
146 silly audit   'postgres-date': [ '1.0.7' ],
146 silly audit   'postgres-interval': [ '1.2.0' ],
146 silly audit   prisma: [ '7.10.0' ],
146 silly audit   'proper-lockfile': [ '4.1.2' ],
146 silly audit   'signal-exit': [ '3.0.7', '4.1.0' ],
146 silly audit   'pure-rand': [ '6.1.0' ],
146 silly audit   rc9: [ '3.1.0' ],
146 silly audit   react: [ '19.3.0' ],
146 silly audit   'react-dom': [ '19.3.0' ],
146 silly audit   readdirp: [ '5.1.1' ],
146 silly audit   remeda: [ '2.33.4' ],
146 silly audit   'require-from-string': [ '2.0.2' ],
146 silly audit   'resolve-pkg-maps': [ '1.0.0' ],
146 silly audit   ret: [ '0.5.0' ],
146 silly audit   retry: [ '0.12.0', '0.13.1' ],
146 silly audit   'robust-predicates': [ '3.0.3' ],
146 silly audit   'safe-regex2': [ '5.1.1' ],
146 silly audit   'safer-buffer': [ '2.1.2' ],
146 silly audit   scheduler: [ '0.28.0' ],
146 silly audit   semver: [ '7.8.5' ],
146 silly audit   'seq-queue': [ '0.0.5' ],
146 silly audit   'shebang-command': [ '2.0.0' ],
146 silly audit   'shebang-regex': [ '3.0.0' ],
146 silly audit   sonner: [ '2.0.8' ],
146 silly audit   'source-map-js': [ '1.2.2' ],
146 silly audit   split2: [ '4.2.0' ],
146 silly audit   sqlstring: [ '2.3.3' ],
146 silly audit   'std-env': [ '3.10.0' ],
146 silly audit   'styled-jsx': [ '5.1.6' ],
146 silly audit   tailwindcss: [ '4.3.3' ],
146 silly audit   tapable: [ '2.3.3' ],
146 silly audit   tslib: [ '2.8.1' ],
146 silly audit   tsx: [ '4.20.5' ],
146 silly audit   typescript: [ '5.9.2' ],
146 silly audit   'undici-types': [ '6.21.0' ],
146 silly audit   valibot: [ '1.4.2' ],
146 silly audit   which: [ '2.0.2' ],
146 silly audit   xtend: [ '4.0.2' ],
146 silly audit   zeptomatch: [ '2.1.0' ],
146 silly audit   '@vercel/blob': [ '2.8.0' ],
146 silly audit   sharp: [ '0.35.5' ],
146 silly audit   '@vercel/oidc': [ '3.8.10' ],
146 silly audit   'async-retry': [ '1.3.3' ],
146 silly audit   'is-buffer': [ '2.0.5' ],
146 silly audit   'is-node-process': [ '1.2.0' ],
146 silly audit   throttleit: [ '2.1.0' ],
146 silly audit   undici: [ '6.29.0' ],
146 silly audit   '@vercel/cli-config': [ '0.3.1' ],
146 silly audit   '@vercel/cli-exec': [ '1.0.1' ],
146 silly audit   jose: [ '5.10.0' ],
146 silly audit   'xdg-app-paths': [ '5.5.1' ],
146 silly audit   zod: [ '4.1.11' ],
146 silly audit   execa: [ '5.1.1' ],
146 silly audit   'get-stream': [ '6.0.1' ],
146 silly audit   'human-signals': [ '2.1.0' ],
146 silly audit   'is-stream': [ '2.0.1' ],
146 silly audit   'merge-stream': [ '2.0.0' ],
146 silly audit   'npm-run-path': [ '4.0.1' ],
146 silly audit   onetime: [ '5.1.2' ],
146 silly audit   'strip-final-newline': [ '2.0.0' ],
146 silly audit   'mimic-fn': [ '2.1.0' ],
146 silly audit   'os-paths': [ '4.4.0' ],
146 silly audit   'xdg-portable': [ '7.3.0' ]
146 silly audit }
147 http cache xdg-portable@https://registry.npmjs.org/xdg-portable/-/xdg-portable-7.3.0.tgz 1ms (cache hit)
148 http cache os-paths@https://registry.npmjs.org/os-paths/-/os-paths-4.4.0.tgz 0ms (cache hit)
149 http cache mimic-fn@https://registry.npmjs.org/mimic-fn/-/mimic-fn-2.1.0.tgz 0ms (cache hit)
150 http cache onetime@https://registry.npmjs.org/onetime/-/onetime-5.1.2.tgz 0ms (cache hit)
151 http cache strip-final-newline@https://registry.npmjs.org/strip-final-newline/-/strip-final-newline-2.0.0.tgz 0ms (cache hit)
152 http cache npm-run-path@https://registry.npmjs.org/npm-run-path/-/npm-run-path-4.0.1.tgz 1ms (cache hit)
153 http cache merge-stream@https://registry.npmjs.org/merge-stream/-/merge-stream-2.0.0.tgz 0ms (cache hit)
154 http cache is-stream@https://registry.npmjs.org/is-stream/-/is-stream-2.0.1.tgz 0ms (cache hit)
155 http cache get-stream@https://registry.npmjs.org/get-stream/-/get-stream-6.0.1.tgz 0ms (cache hit)
156 http cache human-signals@https://registry.npmjs.org/human-signals/-/human-signals-2.1.0.tgz 0ms (cache hit)
157 http cache execa@https://registry.npmjs.org/execa/-/execa-5.1.1.tgz 0ms (cache hit)
158 http cache zod@https://registry.npmjs.org/zod/-/zod-4.1.11.tgz 0ms (cache hit)
159 http cache @vercel/cli-exec@https://registry.npmjs.org/@vercel/cli-exec/-/cli-exec-1.0.1.tgz 0ms (cache hit)
160 http cache xdg-app-paths@https://registry.npmjs.org/xdg-app-paths/-/xdg-app-paths-5.5.1.tgz 0ms (cache hit)
161 http cache @vercel/cli-config@https://registry.npmjs.org/@vercel/cli-config/-/cli-config-0.3.1.tgz 0ms (cache hit)
162 http cache undici@https://registry.npmjs.org/undici/-/undici-6.29.0.tgz 0ms (cache hit)
163 http cache jose@https://registry.npmjs.org/jose/-/jose-5.10.0.tgz 0ms (cache hit)
164 http cache @vercel/oidc@https://registry.npmjs.org/@vercel/oidc/-/oidc-3.8.10.tgz 0ms (cache hit)
165 http cache throttleit@https://registry.npmjs.org/throttleit/-/throttleit-2.1.0.tgz 0ms (cache hit)
166 http cache is-buffer@https://registry.npmjs.org/is-buffer/-/is-buffer-2.0.5.tgz 0ms (cache hit)
167 http cache is-node-process@https://registry.npmjs.org/is-node-process/-/is-node-process-1.2.0.tgz 0ms (cache hit)
168 http cache async-retry@https://registry.npmjs.org/async-retry/-/async-retry-1.3.3.tgz 0ms (cache hit)
169 silly tarball no local data for xdg-portable@https://registry.npmjs.org/xdg-portable/-/xdg-portable-7.3.0.tgz. Extracting by manifest.
170 http cache @vercel/blob@https://registry.npmjs.org/@vercel/blob/-/blob-2.8.0.tgz 0ms (cache hit)
171 http cache signal-exit@https://registry.npmjs.org/signal-exit/-/signal-exit-3.0.7.tgz 0ms (cache hit)
172 silly tarball no local data for os-paths@https://registry.npmjs.org/os-paths/-/os-paths-4.4.0.tgz. Extracting by manifest.
173 silly tarball no local data for mimic-fn@https://registry.npmjs.org/mimic-fn/-/mimic-fn-2.1.0.tgz. Extracting by manifest.
174 silly tarball no local data for onetime@https://registry.npmjs.org/onetime/-/onetime-5.1.2.tgz. Extracting by manifest.
175 silly tarball no local data for strip-final-newline@https://registry.npmjs.org/strip-final-newline/-/strip-final-newline-2.0.0.tgz. Extracting by manifest.
176 http cache retry@https://registry.npmjs.org/retry/-/retry-0.13.1.tgz 0ms (cache hit)
177 silly tarball no local data for npm-run-path@https://registry.npmjs.org/npm-run-path/-/npm-run-path-4.0.1.tgz. Extracting by manifest.
178 silly tarball no local data for merge-stream@https://registry.npmjs.org/merge-stream/-/merge-stream-2.0.0.tgz. Extracting by manifest.
179 silly tarball no local data for is-stream@https://registry.npmjs.org/is-stream/-/is-stream-2.0.1.tgz. Extracting by manifest.
180 silly tarball no local data for get-stream@https://registry.npmjs.org/get-stream/-/get-stream-6.0.1.tgz. Extracting by manifest.
181 silly tarball no local data for human-signals@https://registry.npmjs.org/human-signals/-/human-signals-2.1.0.tgz. Extracting by manifest.
182 silly tarball no local data for execa@https://registry.npmjs.org/execa/-/execa-5.1.1.tgz. Extracting by manifest.
183 silly tarball no local data for zod@https://registry.npmjs.org/zod/-/zod-4.1.11.tgz. Extracting by manifest.
184 silly tarball no local data for @vercel/cli-exec@https://registry.npmjs.org/@vercel/cli-exec/-/cli-exec-1.0.1.tgz. Extracting by manifest.
185 silly tarball no local data for xdg-app-paths@https://registry.npmjs.org/xdg-app-paths/-/xdg-app-paths-5.5.1.tgz. Extracting by manifest.
186 silly tarball no local data for @vercel/cli-config@https://registry.npmjs.org/@vercel/cli-config/-/cli-config-0.3.1.tgz. Extracting by manifest.
187 silly tarball no local data for undici@https://registry.npmjs.org/undici/-/undici-6.29.0.tgz. Extracting by manifest.
188 silly tarball no local data for jose@https://registry.npmjs.org/jose/-/jose-5.10.0.tgz. Extracting by manifest.
189 silly tarball no local data for @vercel/oidc@https://registry.npmjs.org/@vercel/oidc/-/oidc-3.8.10.tgz. Extracting by manifest.
190 silly tarball no local data for throttleit@https://registry.npmjs.org/throttleit/-/throttleit-2.1.0.tgz. Extracting by manifest.
191 silly tarball no local data for is-buffer@https://registry.npmjs.org/is-buffer/-/is-buffer-2.0.5.tgz. Extracting by manifest.
192 silly tarball no local data for is-node-process@https://registry.npmjs.org/is-node-process/-/is-node-process-1.2.0.tgz. Extracting by manifest.
193 silly tarball no local data for async-retry@https://registry.npmjs.org/async-retry/-/async-retry-1.3.3.tgz. Extracting by manifest.
194 silly tarball no local data for @vercel/blob@https://registry.npmjs.org/@vercel/blob/-/blob-2.8.0.tgz. Extracting by manifest.
195 silly tarball no local data for signal-exit@https://registry.npmjs.org/signal-exit/-/signal-exit-3.0.7.tgz. Extracting by manifest.
196 silly tarball no local data for retry@https://registry.npmjs.org/retry/-/retry-0.13.1.tgz. Extracting by manifest.
197 http fetch POST 200 https://registry.npmjs.org/-/npm/v1/security/advisories/bulk 832ms
198 silly audit report {
198 silly audit report   'deepmerge-ts': [
198 silly audit report     {
198 silly audit report       id: 1145093,
198 silly audit report       url: 'https://github.com/advisories/GHSA-ggr8-5vv4-36mx',
198 silly audit report       title: 'DeepmergeTS has stack exhaustion when merging recursive object graphs',
198 silly audit report       severity: 'high',
198 silly audit report       vulnerable_versions: '<8.0.0',
198 silly audit report       cwe: [Array],
198 silly audit report       cvss: [Object]
198 silly audit report     }
198 silly audit report   ],
198 silly audit report   mysql2: [
198 silly audit report     {
198 silly audit report       id: 1158532,
198 silly audit report       url: 'https://github.com/advisories/GHSA-rgwj-5xj2-c3m3',
198 silly audit report       title: 'MySQL2: Unbounded zlib inflate in compressed MySQL protocol handler allows decompression-bomb DoS',
198 silly audit report       severity: 'moderate',
198 silly audit report       vulnerable_versions: '<=3.23.0',
198 silly audit report       cwe: [Array],
198 silly audit report       cvss: [Object]
198 silly audit report     },
198 silly audit report     {
198 silly audit report       id: 1153173,
198 silly audit report       url: 'https://github.com/advisories/GHSA-3f6p-5ww8-9rcr',
198 silly audit report       title: 'MySQL2: Auth Plugin Downgrade to mysql_clear_password Leaks Plaintext Credentials',
198 silly audit report       severity: 'high',
198 silly audit report       vulnerable_versions: '<3.22.0',
198 silly audit report       cwe: [Array],
198 silly audit report       cvss: [Object]
198 silly audit report     }
198 silly audit report   ]
198 silly audit report }
199 silly packumentCache corgi:https://registry.npmjs.org/deepmerge-ts cache-miss
200 silly packumentCache corgi:https://registry.npmjs.org/mysql2 cache-miss
201 http fetch GET 200 https://registry.npmjs.org/mimic-fn/-/mimic-fn-2.1.0.tgz 1427ms (cache miss)
202 http fetch GET 200 https://registry.npmjs.org/onetime/-/onetime-5.1.2.tgz 1459ms (cache miss)
203 http fetch GET 200 https://registry.npmjs.org/os-paths/-/os-paths-4.4.0.tgz 1466ms (cache miss)
204 http fetch GET 200 https://registry.npmjs.org/npm-run-path/-/npm-run-path-4.0.1.tgz 1458ms (cache miss)
205 http fetch GET 200 https://registry.npmjs.org/strip-final-newline/-/strip-final-newline-2.0.0.tgz 1479ms (cache miss)
206 http fetch GET 200 https://registry.npmjs.org/throttleit/-/throttleit-2.1.0.tgz 1437ms (cache miss)
207 http fetch GET 200 https://registry.npmjs.org/async-retry/-/async-retry-1.3.3.tgz 1448ms (cache miss)
208 http fetch GET 200 https://registry.npmjs.org/signal-exit/-/signal-exit-3.0.7.tgz 1430ms (cache miss)
209 http fetch GET 200 https://registry.npmjs.org/is-node-process/-/is-node-process-1.2.0.tgz 1465ms (cache miss)
210 http fetch GET 200 https://registry.npmjs.org/is-buffer/-/is-buffer-2.0.5.tgz 1492ms (cache miss)
211 http fetch GET 200 https://registry.npmjs.org/xdg-portable/-/xdg-portable-7.3.0.tgz 1705ms (cache miss)
212 http fetch GET 200 https://registry.npmjs.org/merge-stream/-/merge-stream-2.0.0.tgz 1710ms (cache miss)
213 http fetch GET 200 https://registry.npmjs.org/is-stream/-/is-stream-2.0.1.tgz 1732ms (cache miss)
214 http fetch GET 200 https://registry.npmjs.org/get-stream/-/get-stream-6.0.1.tgz 1742ms (cache miss)
215 http fetch GET 200 https://registry.npmjs.org/retry/-/retry-0.13.1.tgz 1654ms (cache miss)
216 http fetch GET 200 https://registry.npmjs.org/deepmerge-ts 1080ms (cache miss)
217 silly packumentCache corgi:https://registry.npmjs.org/deepmerge-ts set size:undefined disposed:false
218 http fetch GET 200 https://registry.npmjs.org/mysql2 1136ms (cache miss)
219 silly packumentCache corgi:https://registry.npmjs.org/mysql2 set size:undefined disposed:false
220 http fetch GET 200 https://registry.npmjs.org/xdg-app-paths/-/xdg-app-paths-5.5.1.tgz 1987ms (cache miss)
221 silly packumentCache corgi:https://registry.npmjs.org/@prisma%2fconfig cache-miss
222 http fetch GET 200 https://registry.npmjs.org/execa/-/execa-5.1.1.tgz 2118ms (cache miss)
223 http fetch GET 200 https://registry.npmjs.org/human-signals/-/human-signals-2.1.0.tgz 2140ms (cache miss)
224 http fetch GET 200 https://registry.npmjs.org/@vercel/cli-config/-/cli-config-0.3.1.tgz 2131ms (cache miss)
225 http fetch GET 200 https://registry.npmjs.org/@prisma%2fconfig 526ms (cache miss)
226 silly packumentCache corgi:https://registry.npmjs.org/@prisma%2fconfig set size:undefined disposed:false
227 http fetch GET 200 https://registry.npmjs.org/@vercel/blob/-/blob-2.8.0.tgz 2801ms (cache miss)
228 silly packumentCache corgi:https://registry.npmjs.org/prisma cache-miss
229 http fetch GET 200 https://registry.npmjs.org/@vercel/cli-exec/-/cli-exec-1.0.1.tgz 2903ms (cache miss)
230 http fetch GET 200 https://registry.npmjs.org/@vercel/oidc/-/oidc-3.8.10.tgz 2957ms (cache miss)
231 http fetch GET 200 https://registry.npmjs.org/prisma 2107ms (cache miss)
232 silly packumentCache corgi:https://registry.npmjs.org/prisma set size:undefined disposed:false
233 silly packumentCache corgi:https://registry.npmjs.org/@prisma%2fclient cache-miss
234 http fetch GET 200 https://registry.npmjs.org/undici/-/undici-6.29.0.tgz 10131ms (cache miss)
235 http fetch GET 200 https://registry.npmjs.org/jose/-/jose-5.10.0.tgz 11839ms (cache miss)
236 http fetch GET 200 https://registry.npmjs.org/@prisma%2fclient 2224ms (cache miss)
237 silly packumentCache corgi:https://registry.npmjs.org/@prisma%2fclient set size:undefined disposed:false
238 http fetch GET 200 https://registry.npmjs.org/zod/-/zod-4.1.11.tgz 15888ms (cache miss)
239 silly ADD node_modules/xdg-portable
240 silly ADD node_modules/os-paths
241 silly ADD node_modules/mimic-fn
242 silly ADD node_modules/strip-final-newline
243 silly ADD node_modules/onetime
244 silly ADD node_modules/npm-run-path
245 silly ADD node_modules/merge-stream
246 silly ADD node_modules/is-stream
247 silly ADD node_modules/human-signals
248 silly ADD node_modules/get-stream
249 silly ADD node_modules/execa
250 silly ADD node_modules/execa/node_modules/signal-exit
251 silly ADD node_modules/zod
252 silly ADD node_modules/xdg-app-paths
253 silly ADD node_modules/jose
254 silly ADD node_modules/@vercel/cli-exec
255 silly ADD node_modules/@vercel/cli-config
256 silly ADD node_modules/undici
257 silly ADD node_modules/throttleit
258 silly ADD node_modules/is-node-process
259 silly ADD node_modules/is-buffer
260 silly ADD node_modules/async-retry
261 silly ADD node_modules/async-retry/node_modules/retry
262 silly ADD node_modules/@vercel/oidc
263 silly ADD node_modules/@vercel/blob
264 verbose cwd C:\Users\jesse\Desktop\imprimbrain
265 verbose os Windows_NT 10.0.26200
266 verbose node v24.16.0
267 verbose npm  v11.13.0
268 notice
268 notice New major version of npm available! 11.13.0 -> 12.2.0
268 notice Changelog: https://github.com/npm/cli/releases/tag/v12.2.0
268 notice To update run: npm install -g npm@12.2.0
268 notice  { force: true, Symbol(proc-log.meta): true }
269 verbose exit 0
270 info ok
